******************************************************************************
                  TI ARM Linker PC v5.1.1                      
******************************************************************************
>> Linked Sun Sep 14 21:22:41 2014

OUTPUT FILE NAME:   <GyroProject.out>
ENTRY POINT SYMBOL: "_c_int00"  address: 00001001


MEMORY CONFIGURATION

         name            origin    length      used     unused   attr    fill
----------------------  --------  ---------  --------  --------  ----  --------
  FLASH                 00000000   00040000  0000163c  0003e9c4  R  X
  SRAM                  20000000   00008000  00000498  00007b68  RW X


SEGMENT ALLOCATION MAP

run origin  load origin   length   init length attrs members
----------  ----------- ---------- ----------- ----- -------
00000000    00000000    00001640   00001640    r-x
  00000000    00000000    0000026c   0000026c    r-- .intvecs
  0000026c    0000026c    0000117e   0000117e    r-x .text
  000013ec    000013ec    0000021a   0000021a    r-- .const
  00001608    00001608    00000038   00000038    r-- .cinit
20000000    20000000    00000498   00000000    rw-
  20000000    20000000    0000026c   00000000    rw- .vtable
  2000026c    2000026c    00000200   00000000    rw- .stack
  2000046c    2000046c    0000002c   00000000    rw- .data


SECTION ALLOCATION MAP

 output                                  attributes/
section   page    origin      length       input sections
--------  ----  ----------  ----------   ----------------
.intvecs   0    00000000    0000026c     
                  00000000    0000026c     startup_ccs.obj (.intvecs)

.init_array 
*          0    00000000    00000000     UNINITIALIZED

.text      0    0000026c    0000117e     
                  0000026c    00000260     main.obj (.text:main)
                  000004cc    000001ea     uartstdio.obj (.text:UARTvprintf)
                  000006b6    00000130     driverlib.lib : gpio.obj (.text:GPIOPadConfigSet)
                  000007e6    00000002     startup_ccs.obj (.text:FaultISR)
                  000007e8    00000104     driverlib.lib : sysctl.obj (.text:SysCtlClockSet)
                  000008ec    000000ec     ports.obj (.text:PortFunctionInit)
                  000009d8    000000c8     driverlib.lib : sysctl.obj (.text:SysCtlClockGet)
                  00000aa0    0000009c     rtsv7M4_T_le_v4SPD16_eabi.lib : memcpy_t2.obj (.text)
                  00000b3c    00000094                                   : auto_init.obj (.text)
                  00000bd0    00000080     accelerometer.obj (.text:Accel_RegRead2)
                  00000c50    00000080     gyro.obj (.text:Gyro_RegRead2)
                  00000cd0    00000060     driverlib.lib : interrupt.obj (.text:IntEnable)
                  00000d30    00000060     uartstdio.obj (.text:UARTStdioConfig)
                  00000d90    0000005e     rtsv7M4_T_le_v4SPD16_eabi.lib : copy_decompress_rle.obj (.text)
                  00000dee    00000002     startup_ccs.obj (.text:IntDefaultHandler)
                  00000df0    00000054     accelerometer.obj (.text:Accel_RegRead)
                  00000e44    0000004c     accelerometer.obj (.text:Accel_RegWrite)
                  00000e90    0000004c     gyro.obj (.text:Gyro_RegWrite)
                  00000edc    0000004c     slave.obj (.text:I2C3IntHandler)
                  00000f28    00000048     driverlib.lib : gpio.obj (.text:GPIOPinConfigure)
                  00000f70    00000048                   : i2c.obj (.text:I2CMasterInitExpClk)
                  00000fb8    00000048     uartstdio.obj (.text:UARTwrite)
                  00001000    00000048     rtsv7M4_T_le_v4SPD16_eabi.lib : boot.obj (.text)
                  00001048    00000044                                   : cpy_tbl.obj (.text)
                  0000108c    00000044                                   : exit.obj (.text)
                  000010d0    00000042                                   : u_divt2.obj (.text)
                  00001112    00000002     startup_ccs.obj (.text:NmiSR)
                  00001114    00000040     driverlib.lib : i2c.obj (.text:_I2CIntNumberGet)
                  00001154    0000003c     slave.obj (.text:Slave_Configure)
                  00001190    00000034     driverlib.lib : interrupt.obj (.text:IntRegister)
                  000011c4    00000034     led.obj (.text:LED_DoBlink)
                  000011f8    00000034     driverlib.lib : sysctl.obj (.text:SysCtlPeripheralEnable)
                  0000122c    0000002a                   : gpio.obj (.text:GPIODirModeSet)
                  00001256    00000002     --HOLE-- [fill = 0]
                  00001258    00000020     uart.obj (.text:UART_Configure)
                  00001278    0000001a     uartstdio.obj (.text:UARTprintf)
                  00001292    00000002     --HOLE-- [fill = 0]
                  00001294    00000018     accelerometer.obj (.text:Accel_Configure)
                  000012ac    00000018     driverlib.lib : gpio.obj (.text:GPIOPinTypeGPIOOutput)
                  000012c4    00000018                   : i2c.obj (.text:I2CIntRegister)
                  000012dc    00000018     rtsv7M4_T_le_v4SPD16_eabi.lib : args_main.obj (.text)
                  000012f4    00000014                                   : _lock.obj (.text)
                  00001308    00000012     driverlib.lib : gpio.obj (.text:GPIOPinTypeGPIOInput)
                  0000131a    00000012                   : gpio.obj (.text:GPIOPinTypeI2C)
                  0000132c    00000012                   : gpio.obj (.text:GPIOPinTypeI2CSCL)
                  0000133e    00000012                   : gpio.obj (.text:GPIOPinTypeUART)
                  00001350    00000012     rtsv7M4_T_le_v4SPD16_eabi.lib : copy_zero_init.obj (.text:decompress:ZI)
                  00001362    00000010     driverlib.lib : i2c.obj (.text:I2CSlaveEnable)
                  00001372    0000000e                   : i2c.obj (.text:I2CSlaveInit)
                  00001380    0000000e     rtsv7M4_T_le_v4SPD16_eabi.lib : copy_decompress_none.obj (.text:decompress:none)
                  0000138e    0000000c     driverlib.lib : i2c.obj (.text:I2CSlaveIntEnableEx)
                  0000139a    0000000a                   : i2c.obj (.text:I2CMasterEnable)
                  000013a4    00000008                   : i2c.obj (.text:I2CMasterBusy)
                  000013ac    00000008                   : i2c.obj (.text:I2CMasterSlaveAddrSet)
                  000013b4    00000006                   : gpio.obj (.text:GPIOPinRead)
                  000013ba    00000006                   : gpio.obj (.text:GPIOPinWrite)
                  000013c0    00000006                   : i2c.obj (.text:I2CSlaveDataPut)
                  000013c6    00000006     startup_ccs.obj (.text:ResetISR)
                  000013cc    00000006     driverlib.lib : sysctl.obj (.text:SysCtlDelay)
                  000013d2    00000006                   : uart.obj (.text:UARTClockSourceSet)
                  000013d8    00000006     rtsv7M4_T_le_v4SPD16_eabi.lib : copy_decompress_rle.obj (.text:decompress:rle24)
                  000013de    00000004     driverlib.lib : i2c.obj (.text:I2CMasterControl)
                  000013e2    00000004                   : i2c.obj (.text:I2CMasterDataGet)
                  000013e6    00000004                   : i2c.obj (.text:I2CMasterDataPut)

.const     0    000013ec    0000021a     
                  000013ec    00000090     driverlib.lib : gpio.obj (.const:g_pui32GPIOBaseAddrs)
                  0000147c    00000070                   : interrupt.obj (.const)
                  000014ec    0000006c                   : sysctl.obj (.const:g_pui32Xtals)
                  00001558    00000050                   : i2c.obj (.const:g_ppui32I2CIntMapSnowflake)
                  000015a8    00000030                   : i2c.obj (.const:g_ppui32I2CIntMap)
                  000015d8    0000001c     uartstdio.obj (.const)
                  000015f4    00000012     uartstdio.obj (.const:.string)

.cinit     0    00001608    00000038     
                  00001608    00000014     (.cinit..data.load) [load image, compression = rle]
                  0000161c    0000000c     (__TI_handler_table)
                  00001628    00000008     (.cinit..vtable.load) [load image, compression = zero_init]
                  00001630    00000010     (__TI_cinit_table)

.vtable    0    20000000    0000026c     UNINITIALIZED
                  20000000    0000026c     driverlib.lib : interrupt.obj (.vtable)

.stack     0    2000026c    00000200     UNINITIALIZED
                  2000026c    00000200     --HOLE--

.data      0    2000046c    0000002c     UNINITIALIZED
                  2000046c    0000000c     slave.obj (.data)
                  20000478    00000008     rtsv7M4_T_le_v4SPD16_eabi.lib : _lock.obj (.data)
                  20000480    00000008                                   : exit.obj (.data)
                  20000488    00000005     uartstdio.obj (.data)
                  2000048d    00000003     --HOLE--
                  20000490    00000004     led.obj (.data)
                  20000494    00000004     rtsv7M4_T_le_v4SPD16_eabi.lib : stkdepth_vars.obj (.data)


LINKER GENERATED COPY TABLES

__TI_cinit_table @ 00001630 records: 2, size/record: 8, table size: 16
	.data: load addr=00001608, load size=00000014 bytes, run addr=2000046c, run size=0000002c bytes, compression=rle
	.vtable: load addr=00001628, load size=00000008 bytes, run addr=20000000, run size=0000026c bytes, compression=zero_init


LINKER GENERATED HANDLER TABLE

__TI_handler_table @ 0000161c records: 3, size/record: 4, table size: 12
	index: 0, handler: __TI_zero_init
	index: 1, handler: __TI_decompress_rle24
	index: 2, handler: __TI_decompress_none


GLOBAL SYMBOLS: SORTED ALPHABETICALLY BY Name 

address    name
--------   ----
00001295   Accel_Configure
00000df1   Accel_RegRead
00000bd1   Accel_RegRead2
00000e45   Accel_RegWrite
0000108d   C$$EXIT
0000122d   GPIODirModeSet
000006b7   GPIOPadConfigSet
00000f29   GPIOPinConfigure
000013b5   GPIOPinRead
00001309   GPIOPinTypeGPIOInput
000012ad   GPIOPinTypeGPIOOutput
0000131b   GPIOPinTypeI2C
0000132d   GPIOPinTypeI2CSCL
0000133f   GPIOPinTypeUART
000013bb   GPIOPinWrite
00000c51   Gyro_RegRead2
00000e91   Gyro_RegWrite
00000edd   I2C3IntHandler
000012c5   I2CIntRegister
000013a5   I2CMasterBusy
000013df   I2CMasterControl
000013e3   I2CMasterDataGet
000013e7   I2CMasterDataPut
0000139b   I2CMasterEnable
00000f71   I2CMasterInitExpClk
000013ad   I2CMasterSlaveAddrSet
000013c1   I2CSlaveDataPut
00001363   I2CSlaveEnable
00001373   I2CSlaveInit
0000138f   I2CSlaveIntEnableEx
00000cd1   IntEnable
00001191   IntRegister
000011c5   LED_DoBlink
2000046c   LatestValue
000008ed   PortFunctionInit
000013c7   ResetISR
UNDEFED    SHT$$INIT_ARRAY$$Base
UNDEFED    SHT$$INIT_ARRAY$$Limit
00001155   Slave_Configure
000009d9   SysCtlClockGet
000007e9   SysCtlClockSet
000013cd   SysCtlDelay
000011f9   SysCtlPeripheralEnable
000013d3   UARTClockSourceSet
00000d31   UARTStdioConfig
00001259   UART_Configure
00001279   UARTprintf
000004cd   UARTvprintf
00000fb9   UARTwrite
2000046c   __STACK_END
00000200   __STACK_SIZE
2000046c   __STACK_TOP
00001630   __TI_CINIT_Base
00001640   __TI_CINIT_Limit
0000161c   __TI_Handler_Table_Base
00001628   __TI_Handler_Table_Limit
00000001   __TI_args_main
00000b3d   __TI_auto_init
20000480   __TI_cleanup_ptr
00001381   __TI_decompress_none
000013d9   __TI_decompress_rle24
20000484   __TI_dtors_ptr
00000000   __TI_static_base__
00001351   __TI_zero_init
00000aa1   __aeabi_memcpy
00000aa1   __aeabi_memcpy4
00000aa1   __aeabi_memcpy8
000010d1   __aeabi_uidivmod
ffffffff   __binit__
ffffffff   __c_args__
2000026c   __stack
000012dd   _args_main
00001001   _c_int00
20000478   _lock
00001303   _nop
000012fb   _register_lock
000012f5   _register_unlock
2000047c   _unlock
00001091   abort
ffffffff   binit
20000490   blinkCounter
00001049   copy_in
00001099   exit
20000000   g_pfnRAMVectors
00000000   g_pfnVectors
0000026d   main
20000494   main_func_sp
00000aa1   memcpy
20000470   transmitBuffer
20000474   transmitIndex


GLOBAL SYMBOLS: SORTED BY Symbol Address 

address    name
--------   ----
00000000   __TI_static_base__
00000000   g_pfnVectors
00000001   __TI_args_main
00000200   __STACK_SIZE
0000026d   main
000004cd   UARTvprintf
000006b7   GPIOPadConfigSet
000007e9   SysCtlClockSet
000008ed   PortFunctionInit
000009d9   SysCtlClockGet
00000aa1   __aeabi_memcpy
00000aa1   __aeabi_memcpy4
00000aa1   __aeabi_memcpy8
00000aa1   memcpy
00000b3d   __TI_auto_init
00000bd1   Accel_RegRead2
00000c51   Gyro_RegRead2
00000cd1   IntEnable
00000d31   UARTStdioConfig
00000df1   Accel_RegRead
00000e45   Accel_RegWrite
00000e91   Gyro_RegWrite
00000edd   I2C3IntHandler
00000f29   GPIOPinConfigure
00000f71   I2CMasterInitExpClk
00000fb9   UARTwrite
00001001   _c_int00
00001049   copy_in
0000108d   C$$EXIT
00001091   abort
00001099   exit
000010d1   __aeabi_uidivmod
00001155   Slave_Configure
00001191   IntRegister
000011c5   LED_DoBlink
000011f9   SysCtlPeripheralEnable
0000122d   GPIODirModeSet
00001259   UART_Configure
00001279   UARTprintf
00001295   Accel_Configure
000012ad   GPIOPinTypeGPIOOutput
000012c5   I2CIntRegister
000012dd   _args_main
000012f5   _register_unlock
000012fb   _register_lock
00001303   _nop
00001309   GPIOPinTypeGPIOInput
0000131b   GPIOPinTypeI2C
0000132d   GPIOPinTypeI2CSCL
0000133f   GPIOPinTypeUART
00001351   __TI_zero_init
00001363   I2CSlaveEnable
00001373   I2CSlaveInit
00001381   __TI_decompress_none
0000138f   I2CSlaveIntEnableEx
0000139b   I2CMasterEnable
000013a5   I2CMasterBusy
000013ad   I2CMasterSlaveAddrSet
000013b5   GPIOPinRead
000013bb   GPIOPinWrite
000013c1   I2CSlaveDataPut
000013c7   ResetISR
000013cd   SysCtlDelay
000013d3   UARTClockSourceSet
000013d9   __TI_decompress_rle24
000013df   I2CMasterControl
000013e3   I2CMasterDataGet
000013e7   I2CMasterDataPut
0000161c   __TI_Handler_Table_Base
00001628   __TI_Handler_Table_Limit
00001630   __TI_CINIT_Base
00001640   __TI_CINIT_Limit
20000000   g_pfnRAMVectors
2000026c   __stack
2000046c   LatestValue
2000046c   __STACK_END
2000046c   __STACK_TOP
20000470   transmitBuffer
20000474   transmitIndex
20000478   _lock
2000047c   _unlock
20000480   __TI_cleanup_ptr
20000484   __TI_dtors_ptr
20000490   blinkCounter
20000494   main_func_sp
ffffffff   __binit__
ffffffff   __c_args__
ffffffff   binit
UNDEFED    SHT$$INIT_ARRAY$$Base
UNDEFED    SHT$$INIT_ARRAY$$Limit

[90 symbols]
